Archive member included to satisfy reference by file (symbol)

C:/ST/STM32CubeIDE_1.19.0/STM32CubeIDE/plugins/com.st.stm32cube.ide.mcu.externaltools.gnu-tools-for-stm32.13.3.rel1.win32_1.0.0.202411081344/tools/bin/../lib/gcc/arm-none-eabi/13.3.1/../../../../arm-none-eabi/lib/thumb/v6-m/nofp\libc_nano.a(libc_a-exit.o)
                              C:/ST/STM32CubeIDE_1.19.0/STM32CubeIDE/plugins/com.st.stm32cube.ide.mcu.externaltools.gnu-tools-for-stm32.13.3.rel1.win32_1.0.0.202411081344/tools/bin/../lib/gcc/arm-none-eabi/13.3.1/../../../../arm-none-eabi/lib/thumb/v6-m/nofp/crt0.o (exit)
C:/ST/STM32CubeIDE_1.19.0/STM32CubeIDE/plugins/com.st.stm32cube.ide.mcu.externaltools.gnu-tools-for-stm32.13.3.rel1.win32_1.0.0.202411081344/tools/bin/../lib/gcc/arm-none-eabi/13.3.1/../../../../arm-none-eabi/lib/thumb/v6-m/nofp\libc_nano.a(libc_a-findfp.o)
                              C:/ST/STM32CubeIDE_1.19.0/STM32CubeIDE/plugins/com.st.stm32cube.ide.mcu.externaltools.gnu-tools-for-stm32.13.3.rel1.win32_1.0.0.202411081344/tools/bin/../lib/gcc/arm-none-eabi/13.3.1/../../../../arm-none-eabi/lib/thumb/v6-m/nofp\libc_nano.a(libc_a-exit.o) (__stdio_exit_handler)
C:/ST/STM32CubeIDE_1.19.0/STM32CubeIDE/plugins/com.st.stm32cube.ide.mcu.externaltools.gnu-tools-for-stm32.13.3.rel1.win32_1.0.0.202411081344/tools/bin/../lib/gcc/arm-none-eabi/13.3.1/../../../../arm-none-eabi/lib/thumb/v6-m/nofp\libc_nano.a(libc_a-fwalk.o)
                              C:/ST/STM32CubeIDE_1.19.0/STM32CubeIDE/plugins/com.st.stm32cube.ide.mcu.externaltools.gnu-tools-for-stm32.13.3.rel1.win32_1.0.0.202411081344/tools/bin/../lib/gcc/arm-none-eabi/13.3.1/../../../../arm-none-eabi/lib/thumb/v6-m/nofp\libc_nano.a(libc_a-findfp.o) (_fwalk_sglue)
C:/ST/STM32CubeIDE_1.19.0/STM32CubeIDE/plugins/com.st.stm32cube.ide.mcu.externaltools.gnu-tools-for-stm32.13.3.rel1.win32_1.0.0.202411081344/tools/bin/../lib/gcc/arm-none-eabi/13.3.1/../../../../arm-none-eabi/lib/thumb/v6-m/nofp\libc_nano.a(libc_a-stdio.o)
                              C:/ST/STM32CubeIDE_1.19.0/STM32CubeIDE/plugins/com.st.stm32cube.ide.mcu.externaltools.gnu-tools-for-stm32.13.3.rel1.win32_1.0.0.202411081344/tools/bin/../lib/gcc/arm-none-eabi/13.3.1/../../../../arm-none-eabi/lib/thumb/v6-m/nofp\libc_nano.a(libc_a-findfp.o) (__sread)
C:/ST/STM32CubeIDE_1.19.0/STM32CubeIDE/plugins/com.st.stm32cube.ide.mcu.externaltools.gnu-tools-for-stm32.13.3.rel1.win32_1.0.0.202411081344/tools/bin/../lib/gcc/arm-none-eabi/13.3.1/../../../../arm-none-eabi/lib/thumb/v6-m/nofp\libc_nano.a(libc_a-memset.o)
                              C:/ST/STM32CubeIDE_1.19.0/STM32CubeIDE/plugins/com.st.stm32cube.ide.mcu.externaltools.gnu-tools-for-stm32.13.3.rel1.win32_1.0.0.202411081344/tools/bin/../lib/gcc/arm-none-eabi/13.3.1/../../../../arm-none-eabi/lib/thumb/v6-m/nofp/crt0.o (memset)
C:/ST/STM32CubeIDE_1.19.0/STM32CubeIDE/plugins/com.st.stm32cube.ide.mcu.externaltools.gnu-tools-for-stm32.13.3.rel1.win32_1.0.0.202411081344/tools/bin/../lib/gcc/arm-none-eabi/13.3.1/../../../../arm-none-eabi/lib/thumb/v6-m/nofp\libc_nano.a(libc_a-closer.o)
                              C:/ST/STM32CubeIDE_1.19.0/STM32CubeIDE/plugins/com.st.stm32cube.ide.mcu.externaltools.gnu-tools-for-stm32.13.3.rel1.win32_1.0.0.202411081344/tools/bin/../lib/gcc/arm-none-eabi/13.3.1/../../../../arm-none-eabi/lib/thumb/v6-m/nofp\libc_nano.a(libc_a-stdio.o) (_close_r)
C:/ST/STM32CubeIDE_1.19.0/STM32CubeIDE/plugins/com.st.stm32cube.ide.mcu.externaltools.gnu-tools-for-stm32.13.3.rel1.win32_1.0.0.202411081344/tools/bin/../lib/gcc/arm-none-eabi/13.3.1/../../../../arm-none-eabi/lib/thumb/v6-m/nofp\libc_nano.a(libc_a-reent.o)
                              C:/ST/STM32CubeIDE_1.19.0/STM32CubeIDE/plugins/com.st.stm32cube.ide.mcu.externaltools.gnu-tools-for-stm32.13.3.rel1.win32_1.0.0.202411081344/tools/bin/../lib/gcc/arm-none-eabi/13.3.1/../../../../arm-none-eabi/lib/thumb/v6-m/nofp\libc_nano.a(libc_a-closer.o) (errno)
C:/ST/STM32CubeIDE_1.19.0/STM32CubeIDE/plugins/com.st.stm32cube.ide.mcu.externaltools.gnu-tools-for-stm32.13.3.rel1.win32_1.0.0.202411081344/tools/bin/../lib/gcc/arm-none-eabi/13.3.1/../../../../arm-none-eabi/lib/thumb/v6-m/nofp\libc_nano.a(libc_a-impure.o)
                              C:/ST/STM32CubeIDE_1.19.0/STM32CubeIDE/plugins/com.st.stm32cube.ide.mcu.externaltools.gnu-tools-for-stm32.13.3.rel1.win32_1.0.0.202411081344/tools/bin/../lib/gcc/arm-none-eabi/13.3.1/../../../../arm-none-eabi/lib/thumb/v6-m/nofp\libc_nano.a(libc_a-reent.o) (_impure_ptr)
C:/ST/STM32CubeIDE_1.19.0/STM32CubeIDE/plugins/com.st.stm32cube.ide.mcu.externaltools.gnu-tools-for-stm32.13.3.rel1.win32_1.0.0.202411081344/tools/bin/../lib/gcc/arm-none-eabi/13.3.1/../../../../arm-none-eabi/lib/thumb/v6-m/nofp\libc_nano.a(libc_a-lseekr.o)
[...]
Memory Configuration

Name             Origin             Length             Attributes
RAM              0x20000000         0x00009000         xrw
FLASH            0x08000000         0x00020000         xr
*default*        0x00000000         0xffffffff

Linker script and memory map

LOAD C:/ST/STM32CubeIDE_1.19.0/STM32CubeIDE/plugins/com.st.stm32cube.ide.mcu.externaltools.gnu-tools-for-stm32.13.3.rel1.win32_1.0.0.202411081344/tools/bin/../lib/gcc/arm-none-eabi/13.3.1/thumb/v6-m/nofp/crti.o
LOAD C:/ST/STM32CubeIDE_1.19.0/STM32CubeIDE/plugins/com.st.stm32cube.ide.mcu.externaltools.gnu-tools-for-stm32.13.3.rel1.win32_1.0.0.202411081344/tools/bin/../lib/gcc/arm-none-eabi/13.3.1/thumb/v6-m/nofp/crtbegin.o
LOAD C:/ST/STM32CubeIDE_1.19.0/STM32CubeIDE/plugins/com.st.stm32cube.ide.mcu.externaltools.gnu-tools-for-stm32.13.3.rel1.win32_1.0.0.202411081344/tools/bin/../lib/gcc/arm-none-eabi/13.3.1/../../../../arm-none-eabi/lib/thumb/v6-m/nofp/crt0.o
LOAD ./Application/User/Core/dma.o
LOAD ./Application/User/Core/gpio.o
LOAD ./Application/User/Core/main.o
LOAD ./Application/User/Core/stm32g0xx_hal_msp.o
LOAD ./Application/User/Core/stm32g0xx_it.o
LOAD ./Application/User/Core/syscalls.o
LOAD ./Application/User/Core/sysmem.o
LOAD ./Application/User/Core/usart.o
LOAD ./Application/User/Startup/startup_stm32g071rbtx.o
LOAD ./Drivers/CMSIS/system_stm32g0xx.o
LOAD ./Drivers/STM32G0xx_HAL_Driver/stm32g0xx_hal.o
LOAD ./Drivers/STM32G0xx_HAL_Driver/stm32g0xx_hal_cortex.o
LOAD ./Drivers/STM32G0xx_HAL_Driver/stm32g0xx_hal_dma.o
LOAD ./Drivers/STM32G0xx_HAL_Driver/stm32g0xx_hal_dma_ex.o
LOAD ./Drivers/STM32G0xx_HAL_Driver/stm32g0xx_hal_exti.o
LOAD ./Drivers/STM32G0xx_HAL_Driver/stm32g0xx_hal_flash.o
LOAD ./Drivers/STM32G0xx_HAL_Driver/stm32g0xx_hal_flash_ex.o
LOAD ./Drivers/STM32G0xx_HAL_Driver/stm32g0xx_hal_gpio.o
LOAD ./Drivers/STM32G0xx_HAL_Driver/stm32g0xx_hal_pwr.o
LOAD ./Drivers/STM32G0xx_HAL_Driver/stm32g0xx_hal_pwr_ex.o
LOAD ./Drivers/STM32G0xx_HAL_Driver/stm32g0xx_hal_rcc.o
LOAD ./Drivers/STM32G0xx_HAL_Driver/stm32g0xx_hal_rcc_ex.o
LOAD ./Drivers/STM32G0xx_HAL_Driver/stm32g0xx_hal_uart.o
LOAD ./Drivers/STM32G0xx_HAL_Driver/stm32g0xx_hal_uart_ex.o
LOAD ./Drivers/STM32G0xx_HAL_Driver/stm32g0xx_ll_rcc.o
START GROUP
LOAD C:/ST/STM32CubeIDE_1.19.0/STM32CubeIDE/plugins/com.st.stm32cube.ide.mcu.externaltools.gnu-tools-for-stm32.13.3.rel1.win32_1.0.0.202411081344/tools/bin/../lib/gcc/arm-none-eabi/13.3.1/../../../../arm-none-eabi/lib/thumb/v6-m/nofp\libc_nano.a
LOAD C:/ST/STM32CubeIDE_1.19.0/STM32CubeIDE/plugins/com.st.stm32cube.ide.mcu.externaltools.gnu-tools-for-stm32.13.3.rel1.win32_1.0.0.202411081344/tools/bin/../lib/gcc/arm-none-eabi/13.3.1/../../../../arm-none-eabi/lib/thumb/v6-m/nofp\libm.a
END GROUP
START GROUP
LOAD C:/ST/STM32CubeIDE_1.19.0/STM32CubeIDE/plugins/com.st.stm32cube.ide.mcu.externaltools.gnu-tools-for-stm32.13.3.rel1.win32_1.0.0.202411081344/tools/bin/../lib/gcc/arm-none-eabi/13.3.1/thumb/v6-m/nofp\libgcc.a
LOAD C:/ST/STM32CubeIDE_1.19.0/STM32CubeIDE/plugins/com.st.stm32cube.ide.mcu.externaltools.gnu-tools-for-stm32.13.3.rel1.win32_1.0.0.202411081344/tools/bin/../lib/gcc/arm-none-eabi/13.3.1/../../../../arm-none-eabi/lib/thumb/v6-m/nofp\libc_nano.a
END GROUP
START GROUP
LOAD C:/ST/STM32CubeIDE_1.19.0/STM32CubeIDE/plugins/com.st.stm32cube.ide.mcu.externaltools.gnu-tools-for-stm32.13.3.rel1.win32_1.0.0.202411081344/tools/bin/../lib/gcc/arm-none-eabi/13.3.1/thumb/v6-m/nofp\libgcc.a
LOAD C:/ST/STM32CubeIDE_1.19.0/STM32CubeIDE/plugins/com.st.stm32cube.ide.mcu.externaltools.gnu-tools-for-stm32.13.3.rel1.win32_1.0.0.202411081344/tools/bin/../lib/gcc/arm-none-eabi/13.3.1/../../../../arm-none-eabi/lib/thumb/v6-m/nofp\libc_nano.a
LOAD C:/ST/STM32CubeIDE_1.19.0/STM32CubeIDE/plugins/com.st.stm32cube.ide.mcu.externaltools.gnu-tools-for-stm32.13.3.rel1.win32_1.0.0.202411081344/tools/bin/../lib/gcc/arm-none-eabi/13.3.1/../../../../arm-none-eabi/lib/thumb/v6-m/nofp\libnosys.a
END GROUP
START GROUP
LOAD C:/ST/STM32CubeIDE_1.19.0/STM32CubeIDE/plugins/com.st.stm32cube.ide.mcu.externaltools.gnu-tools-for-stm32.13.3.rel1.win32_1.0.0.202411081344/tools/bin/../lib/gcc/arm-none-eabi/13.3.1/thumb/v6-m/nofp\libgcc.a
LOAD C:/ST/STM32CubeIDE_1.19.0/STM32CubeIDE/plugins/com.st.stm32cube.ide.mcu.externaltools.gnu-tools-for-stm32.13.3.rel1.win32_1.0.0.202411081344/tools/bin/../lib/gcc/arm-none-eabi/13.3.1/../../../../arm-none-eabi/lib/thumb/v6-m/nofp\libc_nano.a
LOAD C:/ST/STM32CubeIDE_1.19.0/STM32CubeIDE/plugins/com.st.stm32cube.ide.mcu.externaltools.gnu-tools-for-stm32.13.3.rel1.win32_1.0.0.202411081344/tools/bin/../lib/gcc/arm-none-eabi/13.3.1/../../../../arm-none-eabi/lib/thumb/v6-m/nofp\libnosys.a
END GROUP
LOAD C:/ST/STM32CubeIDE_1.19.0/STM32CubeIDE/plugins/com.st.stm32cube.ide.mcu.externaltools.gnu-tools-for-stm32.13.3.rel1.win32_1.0.0.202411081344/tools/bin/../lib/gcc/arm-none-eabi/13.3.1/thumb/v6-m/nofp/crtend.o
LOAD C:/ST/STM32CubeIDE_1.19.0/STM32CubeIDE/plugins/com.st.stm32cube.ide.mcu.externaltools.gnu-tools-for-stm32.13.3.rel1.win32_1.0.0.202411081344/tools/bin/../lib/gcc/arm-none-eabi/13.3.1/thumb/v6-m/nofp/crtn.o
                0x20009000                        _estack = (ORIGIN (RAM) + LENGTH (RAM))
                0x00000200                        _Min_Heap_Size = 0x200
                0x00000400                        _Min_Stack_Size = 0x400

.isr_vector     0x08000000       0xbc
                0x08000000                        . = ALIGN (0x4)
 *(.isr_vector)
 .isr_vector    0x08000000       0xbc ./Application/User/Startup/startup_stm32g071rbtx.o
                0x08000000                g_pfnVectors
                0x080000bc                        . = ALIGN (0x4)

.text           0x080000bc     0x5050
                0x080000bc                        . = ALIGN (0x4)
 *(.text)
 .text          0x080000bc       0x48 C:/ST/STM32CubeIDE_1.19.0/STM32CubeIDE/plugins/com.st.stm32cube.ide.mcu.externaltools.gnu-tools-for-stm32.13.3.rel1.win32_1.0.0.202411081344/tools/bin/../lib/gcc/arm-none-eabi/13.3.1/thumb/v6-m/nofp/crtbegin.o
 .text          0x08000104      0x114 C:/ST/STM32CubeIDE_1.19.0/STM32CubeIDE/plugins/com.st.stm32cube.ide.mcu.externaltools.gnu-tools-for-stm32.13.3.rel1.win32_1.0.0.202411081344/tools/bin/../lib/gcc/arm-none-eabi/13.3.1/thumb/v6-m/nofp\libgcc.a(_udivsi3.o)
                0x08000104                __aeabi_uidiv
                0x08000104                __udivsi3
                0x08000210                __aeabi_uidivmod
 .text          0x08000218      0x1d4 C:/ST/STM32CubeIDE_1.19.0/STM32CubeIDE/plugins/com.st.stm32cube.ide.mcu.externaltools.gnu-tools-for-stm32.13.3.rel1.win32_1.0.0.202411081344/tools/bin/../lib/gcc/arm-none-eabi/13.3.1/thumb/v6-m/nofp\libgcc.a(_divsi3.o)
                0x08000218                __divsi3
                0x08000218                __aeabi_idiv
                0x080003e4                __aeabi_idivmod
 .text          0x080003ec        0x4 C:/ST/STM32CubeIDE_1.19.0/STM32CubeIDE/plugins/com.st.stm32cube.ide.mcu.externaltools.gnu-tools-for-stm32.13.3.rel1.win32_1.0.0.202411081344/tools/bin/../lib/gcc/arm-none-eabi/13.3.1/thumb/v6-m/nofp\libgcc.a(_dvmd_tls.o)
                0x080003ec                __aeabi_idiv0
                0x080003ec                __aeabi_ldiv0
 .text          0x080003f0       0x40 C:/ST/STM32CubeIDE_1.19.0/STM32CubeIDE/plugins/com.st.stm32cube.ide.mcu.externaltools.gnu-tools-for-stm32.13.3.rel1.win32_1.0.0.202411081344/tools/bin/../lib/gcc/arm-none-eabi/13.3.1/thumb/v6-m/nofp\libgcc.a(_aeabi_uldivmod.o)
                0x080003f0                __aeabi_uldivmod
 .text          0x08000430      0x198 C:/ST/STM32CubeIDE_1.19.0/STM32CubeIDE/plugins/com.st.stm32cube.ide.mcu.externaltools.gnu-tools-for-stm32.13.3.rel1.win32_1.0.0.202411081344/tools/bin/../lib/gcc/arm-none-eabi/13.3.1/thumb/v6-m/nofp\libgcc.a(_udivmoddi4.o)
                0x08000430                __udivmoddi4
 .text          0x080005c8       0x18 C:/ST/STM32CubeIDE_1.19.0/STM32CubeIDE/plugins/com.st.stm32cube.ide.mcu.externaltools.gnu-tools-for-stm32.13.3.rel1.win32_1.0.0.202411081344/tools/bin/../lib/gcc/arm-none-eabi/13.3.1/thumb/v6-m/nofp\libgcc.a(_clzdi2.o)
                0x080005c8                __clzdi2
 .text          0x080005e0       0x3c C:/ST/STM32CubeIDE_1.19.0/STM32CubeIDE/plugins/com.st.stm32cube.ide.mcu.externaltools.gnu-tools-for-stm32.13.3.rel1.win32_1.0.0.202411081344/tools/bin/../lib/gcc/arm-none-eabi/13.3.1/thumb/v6-m/nofp\libgcc.a(_clzsi2.o)
                0x080005e0                __clzsi2
 *(.text*)
 .text.MX_DMA_Init
                0x0800061c       0x4c ./Application/User/Core/dma.o
                0x0800061c                MX_DMA_Init
 .text.MX_GPIO_Init
                0x08000668       0x2c ./Application/User/Core/gpio.o
                0x08000668                MX_GPIO_Init
 .text.main     0x08000694       0x6c ./Application/User/Core/main.o
                0x08000694                main
 .text.SystemClock_Config
                0x08000700       0xbc ./Application/User/Core/main.o
                0x08000700                SystemClock_Config
 .text.HAL_UART_RxCpltCallback
                0x080007bc       0x20 ./Application/User/Core/main.o
                0x080007bc                HAL_UART_RxCpltCallback
 .text.UartCallback
                0x080007dc       0x24 ./Application/User/Core/main.o
                0x080007dc                UartCallback
 .text.Error_Handler
                0x08000800        0xc ./Application/User/Core/main.o
                0x08000800                Error_Handler
 .text.HAL_MspInit
                0x0800080c       0x48 ./Application/User/Core/stm32g0xx_hal_msp.o
                0x0800080c                HAL_MspInit
 .text.NMI_Handler
                0x08000854        0x8 ./Application/User/Core/stm32g0xx_it.o
                0x08000854                NMI_Handler
 .text.HardFault_Handler
                0x0800085c        0x8 ./Application/User/Core/stm32g0xx_it.o
                0x0800085c                HardFault_Handler
 .text.SVC_Handler
                0x08000864        0xa ./Application/User/Core/stm32g0xx_it.o
                0x08000864                SVC_Handler
 .text.PendSV_Handler
                0x0800086e        0xa ./Application/User/Core/stm32g0xx_it.o
                0x0800086e                PendSV_Handler
 .text.SysTick_Handler
                0x08000878        0xe ./Application/User/Core/stm32g0xx_it.o
                0x08000878                SysTick_Handler
 *fill*         0x08000886        0x2 
 .text.DMA1_Channel1_IRQHandler
                0x08000888       0x18 ./Application/User/Core/stm32g0xx_it.o
                0x08000888                DMA1_Channel1_IRQHandler
 .text.DMA1_Channel2_3_IRQHandler
                0x080008a0       0x18 ./Application/User/Core/stm32g0xx_it.o
                0x080008a0                DMA1_Channel2_3_IRQHandler
 .text.USART2_IRQHandler
                0x080008b8       0x18 ./Application/User/Core/stm32g0xx_it.o
                0x080008b8                USART2_IRQHandler
 .text.MX_USART2_UART_Init
                0x080008d0       0x9c ./Application/User/Core/usart.o
                0x080008d0                MX_USART2_UART_Init
 .text.HAL_UART_MspInit
                0x0800096c      0x188 ./Application/User/Core/usart.o
                0x0800096c                HAL_UART_MspInit
 .text.Reset_Handler
                0x08000af4       0x50 ./Application/User/Startup/startup_stm32g071rbtx.o
                0x08000af4                Reset_Handler
 .text.Default_Handler
                0x08000b44        0x2 ./Application/User/Startup/startup_stm32g071rbtx.o
                0x08000b44                USART3_4_LPUART1_IRQHandler
                0x08000b44                TIM1_CC_IRQHandler
                0x08000b44                ADC1_COMP_IRQHandler
                0x08000b44                PVD_IRQHandler
                0x08000b44                I2C1_IRQHandler
                0x08000b44                TIM7_LPTIM2_IRQHandler
                0x08000b44                RTC_TAMP_IRQHandler
                0x08000b44                SPI1_IRQHandler
                0x08000b44                EXTI2_3_IRQHandler
                0x08000b44                I2C2_IRQHandler
                0x08000b44                TIM17_IRQHandler
                0x08000b44                TIM16_IRQHandler
                0x08000b44                TIM3_IRQHandler
                0x08000b44                EXTI4_15_IRQHandler
                0x08000b44                RCC_IRQHandler
                0x08000b44                Default_Handler
                0x08000b44                CEC_IRQHandler
                0x08000b44                TIM14_IRQHandler
                0x08000b44                TIM15_IRQHandler
                0x08000b44                EXTI0_1_IRQHandler
                0x08000b44                SPI2_IRQHandler
                0x08000b44                TIM6_DAC_LPTIM1_IRQHandler
                0x08000b44                WWDG_IRQHandler
                0x08000b44                TIM2_IRQHandler
                0x08000b44                DMA1_Ch4_7_DMAMUX1_OVR_IRQHandler
                0x08000b44                UCPD1_2_IRQHandler
                0x08000b44                FLASH_IRQHandler
                0x08000b44                USART1_IRQHandler
                0x08000b44                TIM1_BRK_UP_TRG_COM_IRQHandler
 .text.SystemInit
                0x08000b46        0xa ./Drivers/CMSIS/system_stm32g0xx.o
                0x08000b46                SystemInit
 .text.HAL_Init
                0x08000b50       0x40 ./Drivers/STM32G0xx_HAL_Driver/stm32g0xx_hal.o
                0x08000b50                HAL_Init
 .text.HAL_InitTick
                0x08000b90       0x94 ./Drivers/STM32G0xx_HAL_Driver/stm32g0xx_hal.o
                0x08000b90                HAL_InitTick
 .text.HAL_IncTick
                0x08000c24       0x24 ./Drivers/STM32G0xx_HAL_Driver/stm32g0xx_hal.o
                0x08000c24                HAL_IncTick
 .text.HAL_GetTick
                0x08000c48       0x14 ./Drivers/STM32G0xx_HAL_Driver/stm32g0xx_hal.o
                0x08000c48                HAL_GetTick
 .text.HAL_Delay
                0x08000c5c       0x48 ./Drivers/STM32G0xx_HAL_Driver/stm32g0xx_hal.o
                0x08000c5c                HAL_Delay
 .text.__NVIC_EnableIRQ
                0x08000ca4       0x34 ./Drivers/STM32G0xx_HAL_Driver/stm32g0xx_hal_cortex.o
 .text.__NVIC_SetPriority
                0x08000cd8       0xdc ./Drivers/STM32G0xx_HAL_Driver/stm32g0xx_hal_cortex.o
 .text.SysTick_Config
                0x08000db4       0x48 ./Drivers/STM32G0xx_HAL_Driver/stm32g0xx_hal_cortex.o
 .text.HAL_NVIC_SetPriority
                0x08000dfc       0x2a ./Drivers/STM32G0xx_HAL_Driver/stm32g0xx_hal_cortex.o
                0x08000dfc                HAL_NVIC_SetPriority
 .text.HAL_NVIC_EnableIRQ
                0x08000e26       0x20 ./Drivers/STM32G0xx_HAL_Driver/stm32g0xx_hal_cortex.o
                0x08000e26                HAL_NVIC_EnableIRQ
 .text.HAL_SYSTICK_Config
                0x08000e46       0x1a ./Drivers/STM32G0xx_HAL_Driver/stm32g0xx_hal_cortex.o
                0x08000e46                HAL_SYSTICK_Config
 .text.HAL_DMA_Init
                0x08000e60      0x114 ./Drivers/STM32G0xx_HAL_Driver/stm32g0xx_hal_dma.o
                0x08000e60                HAL_DMA_Init
 .text.HAL_DMA_Start_IT
                0x08000f74      0x10c ./Drivers/STM32G0xx_HAL_Driver/stm32g0xx_hal_dma.o
                0x08000f74                HAL_DMA_Start_IT
 .text.HAL_DMA_Abort
                0x08001080       0xc4 ./Drivers/STM32G0xx_HAL_Driver/stm32g0xx_hal_dma.o
                0x08001080                HAL_DMA_Abort
 .text.HAL_DMA_Abort_IT
                0x08001144       0xd4 ./Drivers/STM32G0xx_HAL_Driver/stm32g0xx_hal_dma.o
                0x08001144                HAL_DMA_Abort_IT
 .text.HAL_DMA_IRQHandler
                0x08001218      0x164 ./Drivers/STM32G0xx_HAL_Driver/stm32g0xx_hal_dma.o
                0x08001218                HAL_DMA_IRQHandler
 .text.DMA_SetConfig
                0x0800137c       0x80 ./Drivers/STM32G0xx_HAL_Driver/stm32g0xx_hal_dma.o
 .text.DMA_CalcDMAMUXChannelBaseAndMask
                0x080013fc       0x58 ./Drivers/STM32G0xx_HAL_Driver/stm32g0xx_hal_dma.o
 .text.DMA_CalcDMAMUXRequestGenBaseAndMask
                0x08001454       0x48 ./Drivers/STM32G0xx_HAL_Driver/stm32g0xx_hal_dma.o
 .text.HAL_GPIO_Init
                0x0800149c      0x2c8 ./Drivers/STM32G0xx_HAL_Driver/stm32g0xx_hal_gpio.o
                0x0800149c                HAL_GPIO_Init
 .text.HAL_PWREx_ControlVoltageScaling
                0x08001764       0x80 ./Drivers/STM32G0xx_HAL_Driver/stm32g0xx_hal_pwr_ex.o
                0x08001764                HAL_PWREx_ControlVoltageScaling
 .text.LL_RCC_GetAPB1Prescaler
                0x080017e4       0x18 ./Drivers/STM32G0xx_HAL_Driver/stm32g0xx_hal_rcc.o
 .text.HAL_RCC_OscConfig
                0x080017fc      0x634 ./Drivers/STM32G0xx_HAL_Driver/stm32g0xx_hal_rcc.o
                0x080017fc                HAL_RCC_OscConfig
 .text.HAL_RCC_ClockConfig
                0x08001e30      0x210 ./Drivers/STM32G0xx_HAL_Driver/stm32g0xx_hal_rcc.o
                0x08001e30                HAL_RCC_ClockConfig
 .text.HAL_RCC_GetSysClockFreq
                0x08002040      0x104 ./Drivers/STM32G0xx_HAL_Driver/stm32g0xx_hal_rcc.o
                0x08002040                HAL_RCC_GetSysClockFreq
 .text.HAL_RCC_GetHCLKFreq
                0x08002144       0x14 ./Drivers/STM32G0xx_HAL_Driver/stm32g0xx_hal_rcc.o
                0x08002144                HAL_RCC_GetHCLKFreq
 .text.HAL_RCC_GetPCLK1Freq
                0x08002158       0x2c ./Drivers/STM32G0xx_HAL_Driver/stm32g0xx_hal_rcc.o
                0x08002158                HAL_RCC_GetPCLK1Freq
 .text.HAL_RCCEx_PeriphCLKConfig
                0x08002184      0x370 ./Drivers/STM32G0xx_HAL_Driver/stm32g0xx_hal_rcc_ex.o
                0x08002184                HAL_RCCEx_PeriphCLKConfig
 .text.HAL_UART_Init
                0x080024f4       0xd0 ./Drivers/STM32G0xx_HAL_Driver/stm32g0xx_hal_uart.o
                0x080024f4                HAL_UART_Init
 .text.HAL_UART_RegisterCallback
                0x080025c4      0x160 ./Drivers/STM32G0xx_HAL_Driver/stm32g0xx_hal_uart.o
                0x080025c4                HAL_UART_RegisterCallback
 .text.HAL_UART_Transmit
                0x08002724      0x148 ./Drivers/STM32G0xx_HAL_Driver/stm32g0xx_hal_uart.o
                0x08002724                HAL_UART_Transmit
 .text.HAL_UART_Receive_IT
                0x0800286c       0xbc ./Drivers/STM32G0xx_HAL_Driver/stm32g0xx_hal_uart.o
                0x0800286c                HAL_UART_Receive_IT
 .text.HAL_UART_Transmit_DMA
                0x08002928      0x124 ./Drivers/STM32G0xx_HAL_Driver/stm32g0xx_hal_uart.o
                0x08002928                HAL_UART_Transmit_DMA
 .text.HAL_UART_IRQHandler
                0x08002a4c      0x668 ./Drivers/STM32G0xx_HAL_Driver/stm32g0xx_hal_uart.o
                0x08002a4c                HAL_UART_IRQHandler
 .text.HAL_UART_TxCpltCallback
                0x080030b4       0x10 ./Drivers/STM32G0xx_HAL_Driver/stm32g0xx_hal_uart.o
                0x080030b4                HAL_UART_TxCpltCallback
 .text.HAL_UART_TxHalfCpltCallback
                0x080030c4       0x10 ./Drivers/STM32G0xx_HAL_Driver/stm32g0xx_hal_uart.o
                0x080030c4                HAL_UART_TxHalfCpltCallback
 .text.HAL_UART_RxHalfCpltCallback
                0x080030d4       0x10 ./Drivers/STM32G0xx_HAL_Driver/stm32g0xx_hal_uart.o
                0x080030d4                HAL_UART_RxHalfCpltCallback
 .text.HAL_UART_ErrorCallback
                0x080030e4       0x10 ./Drivers/STM32G0xx_HAL_Driver/stm32g0xx_hal_uart.o
                0x080030e4                HAL_UART_ErrorCallback
 .text.HAL_UART_AbortCpltCallback
                0x080030f4       0x10 ./Drivers/STM32G0xx_HAL_Driver/stm32g0xx_hal_uart.o
                0x080030f4                HAL_UART_AbortCpltCallback
 .text.HAL_UART_AbortTransmitCpltCallback
                0x08003104       0x10 ./Drivers/STM32G0xx_HAL_Driver/stm32g0xx_hal_uart.o
                0x08003104                HAL_UART_AbortTransmitCpltCallback
 .text.HAL_UART_AbortReceiveCpltCallback
                0x08003114       0x10 ./Drivers/STM32G0xx_HAL_Driver/stm32g0xx_hal_uart.o
                0x08003114                HAL_UART_AbortReceiveCpltCallback
 .text.HAL_UARTEx_RxEventCallback
                0x08003124       0x16 ./Drivers/STM32G0xx_HAL_Driver/stm32g0xx_hal_uart.o
                0x08003124                HAL_UARTEx_RxEventCallback
 *fill*         0x0800313a        0x2 
 .text.UART_InitCallbacksToDefault
                0x0800313c       0xa0 ./Drivers/STM32G0xx_HAL_Driver/stm32g0xx_hal_uart.o
                0x0800313c                UART_InitCallbacksToDefault
 .text.UART_SetConfig
                0x080031dc      0x57c ./Drivers/STM32G0xx_HAL_Driver/stm32g0xx_hal_uart.o
                0x080031dc                UART_SetConfig
 .text.UART_AdvFeatureConfig
                0x08003758      0x168 ./Drivers/STM32G0xx_HAL_Driver/stm32g0xx_hal_uart.o
                0x08003758                UART_AdvFeatureConfig
 .text.UART_CheckIdleState
                0x080038c0      0x154 ./Drivers/STM32G0xx_HAL_Driver/stm32g0xx_hal_uart.o
                0x080038c0                UART_CheckIdleState
 .text.UART_WaitOnFlagUntilTimeout
                0x08003a14       0xde ./Drivers/STM32G0xx_HAL_Driver/stm32g0xx_hal_uart.o
                0x08003a14                UART_WaitOnFlagUntilTimeout
 *fill*         0x08003af2        0x2 
 .text.UART_Start_Receive_IT
                0x08003af4      0x248 ./Drivers/STM32G0xx_HAL_Driver/stm32g0xx_hal_uart.o
                0x08003af4                UART_Start_Receive_IT
 .text.UART_Start_Receive_DMA
                0x08003d3c      0x14c ./Drivers/STM32G0xx_HAL_Driver/stm32g0xx_hal_uart.o
                0x08003d3c                UART_Start_Receive_DMA
 .text.UART_EndTxTransfer
                0x08003e88       0x80 ./Drivers/STM32G0xx_HAL_Driver/stm32g0xx_hal_uart.o
 .text.UART_EndRxTransfer
                0x08003f08       0xcc ./Drivers/STM32G0xx_HAL_Driver/stm32g0xx_hal_uart.o
 .text.UART_DMATransmitCplt
                0x08003fd4       0x9c ./Drivers/STM32G0xx_HAL_Driver/stm32g0xx_hal_uart.o
 .text.UART_DMATxHalfCplt
                0x08004070       0x22 ./Drivers/STM32G0xx_HAL_Driver/stm32g0xx_hal_uart.o
 *fill*         0x08004092        0x2 
 .text.UART_DMAReceiveCplt
                0x08004094      0x134 ./Drivers/STM32G0xx_HAL_Driver/stm32g0xx_hal_uart.o
 .text.UART_DMARxHalfCplt
                0x080041c8       0x48 ./Drivers/STM32G0xx_HAL_Driver/stm32g0xx_hal_uart.o
 .text.UART_DMAError
                0x08004210       0x8a ./Drivers/STM32G0xx_HAL_Driver/stm32g0xx_hal_uart.o
 .text.UART_DMAAbortOnError
                0x0800429a       0x32 ./Drivers/STM32G0xx_HAL_Driver/stm32g0xx_hal_uart.o
 .text.UART_EndTransmit_IT
                0x080042cc       0x5c ./Drivers/STM32G0xx_HAL_Driver/stm32g0xx_hal_uart.o
 .text.UART_RxISR_8BIT
                0x08004328      0x1cc ./Drivers/STM32G0xx_HAL_Driver/stm32g0xx_hal_uart.o
 .text.UART_RxISR_16BIT
                0x080044f4      0x1cc ./Drivers/STM32G0xx_HAL_Driver/stm32g0xx_hal_uart.o
 .text.UART_RxISR_8BIT_FIFOEN
                0x080046c0      0x348 ./Drivers/STM32G0xx_HAL_Driver/stm32g0xx_hal_uart.o
 .text.UART_RxISR_16BIT_FIFOEN
                0x08004a08      0x360 ./Drivers/STM32G0xx_HAL_Driver/stm32g0xx_hal_uart.o
 .text.HAL_UARTEx_WakeupCallback
                0x08004d68       0x10 ./Drivers/STM32G0xx_HAL_Driver/stm32g0xx_hal_uart_ex.o
                0x08004d68                HAL_UARTEx_WakeupCallback
 .text.HAL_UARTEx_RxFifoFullCallback
                0x08004d78       0x10 ./Drivers/STM32G0xx_HAL_Driver/stm32g0xx_hal_uart_ex.o
                0x08004d78                HAL_UARTEx_RxFifoFullCallback
 .text.HAL_UARTEx_TxFifoEmptyCallback
                0x08004d88       0x10 ./Drivers/STM32G0xx_HAL_Driver/stm32g0xx_hal_uart_ex.o
                0x08004d88                HAL_UARTEx_TxFifoEmptyCallback
 .text.HAL_UARTEx_DisableFifoMode
                0x08004d98       0x74 ./Drivers/STM32G0xx_HAL_Driver/stm32g0xx_hal_uart_ex.o
                0x08004d98                HAL_UARTEx_DisableFifoMode
 .text.HAL_UARTEx_SetTxFifoThreshold
                0x08004e0c       0x7e ./Drivers/STM32G0xx_HAL_Driver/stm32g0xx_hal_uart_ex.o
                0x08004e0c                HAL_UARTEx_SetTxFifoThreshold
 *fill*         0x08004e8a        0x2 
 .text.HAL_UARTEx_SetRxFifoThreshold
                0x08004e8c       0x84 ./Drivers/STM32G0xx_HAL_Driver/stm32g0xx_hal_uart_ex.o
                0x08004e8c                HAL_UARTEx_SetRxFifoThreshold
 .text.HAL_UARTEx_ReceiveToIdle_DMA
                0x08004f10       0xd0 ./Drivers/STM32G0xx_HAL_Driver/stm32g0xx_hal_uart_ex.o
                0x08004f10                HAL_UARTEx_ReceiveToIdle_DMA
 .text.UARTEx_SetNbDataToProcess
                0x08004fe0       0xbc ./Drivers/STM32G0xx_HAL_Driver/stm32g0xx_hal_uart_ex.o
 .text.memset   0x0800509c       0x10 C:/ST/STM32CubeIDE_1.19.0/STM32CubeIDE/plugins/com.st.stm32cube.ide.mcu.externaltools.gnu-tools-for-stm32.13.3.rel1.win32_1.0.0.202411081344/tools/bin/../lib/gcc/arm-none-eabi/13.3.1/../../../../arm-none-eabi/lib/thumb/v6-m/nofp\libc_nano.a(libc_a-memset.o)
                0x0800509c                memset
 .text.__libc_init_array
                0x080050ac       0x48 C:/ST/STM32CubeIDE_1.19.0/STM32CubeIDE/plugins/com.st.stm32cube.ide.mcu.externaltools.gnu-tools-for-stm32.13.3.rel1.win32_1.0.0.202411081344/tools/bin/../lib/gcc/arm-none-eabi/13.3.1/../../../../arm-none-eabi/lib/thumb/v6-m/nofp\libc_nano.a(libc_a-init.o)
                0x080050ac                __libc_init_array
 *(.glue_7)
 .glue_7        0x080050f4        0x0 linker stubs
 *(.glue_7t)
 .glue_7t       0x080050f4        0x0 linker stubs
 *(.eh_frame)
 .eh_frame      0x080050f4        0x0 C:/ST/STM32CubeIDE_1.19.0/STM32CubeIDE/plugins/com.st.stm32cube.ide.mcu.externaltools.gnu-tools-for-stm32.13.3.rel1.win32_1.0.0.202411081344/tools/bin/../lib/gcc/arm-none-eabi/13.3.1/thumb/v6-m/nofp/crtbegin.o
 *(.init)
 .init          0x080050f4        0x4 C:/ST/STM32CubeIDE_1.19.0/STM32CubeIDE/plugins/com.st.stm32cube.ide.mcu.externaltools.gnu-tools-for-stm32.13.3.rel1.win32_1.0.0.202411081344/tools/bin/../lib/gcc/arm-none-eabi/13.3.1/thumb/v6-m/nofp/crti.o
                0x080050f4                _init
 .init          0x080050f8        0x8 C:/ST/STM32CubeIDE_1.19.0/STM32CubeIDE/plugins/com.st.stm32cube.ide.mcu.externaltools.gnu-tools-for-stm32.13.3.rel1.win32_1.0.0.202411081344/tools/bin/../lib/gcc/arm-none-eabi/13.3.1/thumb/v6-m/nofp/crtn.o
 *(.fini)
 .fini          0x08005100        0x4 C:/ST/STM32CubeIDE_1.19.0/STM32CubeIDE/plugins/com.st.stm32cube.ide.mcu.externaltools.gnu-tools-for-stm32.13.3.rel1.win32_1.0.0.202411081344/tools/bin/../lib/gcc/arm-none-eabi/13.3.1/thumb/v6-m/nofp/crti.o
                0x08005100                _fini
 .fini          0x08005104        0x8 C:/ST/STM32CubeIDE_1.19.0/STM32CubeIDE/plugins/com.st.stm32cube.ide.mcu.externaltools.gnu-tools-for-stm32.13.3.rel1.win32_1.0.0.202411081344/tools/bin/../lib/gcc/arm-none-eabi/13.3.1/thumb/v6-m/nofp/crtn.o
                0x0800510c                        . = ALIGN (0x4)
                0x0800510c                        _etext = .

.vfp11_veneer   0x0800510c        0x0
 .vfp11_veneer  0x0800510c        0x0 linker stubs

.v4_bx          0x0800510c        0x0
 .v4_bx         0x0800510c        0x0 linker stubs

.iplt           0x0800510c        0x0
 .iplt          0x0800510c        0x0 C:/ST/STM32CubeIDE_1.19.0/STM32CubeIDE/plugins/com.st.stm32cube.ide.mcu.externaltools.gnu-tools-for-stm32.13.3.rel1.win32_1.0.0.202411081344/tools/bin/../lib/gcc/arm-none-eabi/13.3.1/thumb/v6-m/nofp/crtbegin.o

.rodata         0x0800510c       0xd0
                0x0800510c                        . = ALIGN (0x4)
 *(.rodata)
 .rodata        0x0800510c       0x12 ./Application/User/Core/main.o
 *(.rodata*)
 *fill*         0x0800511e        0x2 
 .rodata.AHBPrescTable
                0x08005120       0x40 ./Drivers/CMSIS/system_stm32g0xx.o
                0x08005120                AHBPrescTable
 .rodata.APBPrescTable
                0x08005160       0x20 ./Drivers/CMSIS/system_stm32g0xx.o
                0x08005160                APBPrescTable
 .rodata.UARTPrescTable
                0x08005180       0x18 ./Drivers/STM32G0xx_HAL_Driver/stm32g0xx_hal_uart.o
                0x08005180                UARTPrescTable
 .rodata.HAL_UART_RegisterCallback
                0x08005198       0x34 ./Drivers/STM32G0xx_HAL_Driver/stm32g0xx_hal_uart.o
 .rodata.numerator.1
                0x080051cc        0x8 ./Drivers/STM32G0xx_HAL_Driver/stm32g0xx_hal_uart_ex.o
 .rodata.denominator.0
                0x080051d4        0x8 ./Drivers/STM32G0xx_HAL_Driver/stm32g0xx_hal_uart_ex.o
                0x080051dc                        . = ALIGN (0x4)

.ARM.extab      0x080051dc        0x0
                0x080051dc                        . = ALIGN (0x4)
 *(.ARM.extab* .gnu.linkonce.armextab.*)
                0x080051dc                        . = ALIGN (0x4)

.ARM            0x080051dc        0x8
                0x080051dc                        . = ALIGN (0x4)
                0x080051dc                        __exidx_start = .
 *(.ARM.exidx*)
 .ARM.exidx     0x080051dc        0x8 C:/ST/STM32CubeIDE_1.19.0/STM32CubeIDE/plugins/com.st.stm32cube.ide.mcu.externaltools.gnu-tools-for-stm32.13.3.rel1.win32_1.0.0.202411081344/tools/bin/../lib/gcc/arm-none-eabi/13.3.1/thumb/v6-m/nofp\libgcc.a(_udivmoddi4.o)
                0x080051e4                        __exidx_end = .
                0x080051e4                        . = ALIGN (0x4)

.preinit_array  0x080051e4        0x0
                0x080051e4                        . = ALIGN (0x4)
                0x080051e4                        PROVIDE (__preinit_array_start = .)
 *(.preinit_array*)
                0x080051e4                        PROVIDE (__preinit_array_end = .)
                0x080051e4                        . = ALIGN (0x4)

.init_array     0x080051e4        0x4
                0x080051e4                        . = ALIGN (0x4)
                0x080051e4                        PROVIDE (__init_array_start = .)
 *(SORT_BY_NAME(.init_array.*))
 *(.init_array*)
 .init_array    0x080051e4        0x4 C:/ST/STM32CubeIDE_1.19.0/STM32CubeIDE/plugins/com.st.stm32cube.ide.mcu.externaltools.gnu-tools-for-stm32.13.3.rel1.win32_1.0.0.202411081344/tools/bin/../lib/gcc/arm-none-eabi/13.3.1/thumb/v6-m/nofp/crtbegin.o
                0x080051e8                        PROVIDE (__init_array_end = .)
                0x080051e8                        . = ALIGN (0x4)

.fini_array     0x080051e8        0x4
                0x080051e8                        . = ALIGN (0x4)
                [!provide]                        PROVIDE (__fini_array_start = .)
 *(SORT_BY_NAME(.fini_array.*))
 *(.fini_array*)
 .fini_array    0x080051e8        0x4 C:/ST/STM32CubeIDE_1.19.0/STM32CubeIDE/plugins/com.st.stm32cube.ide.mcu.externaltools.gnu-tools-for-stm32.13.3.rel1.win32_1.0.0.202411081344/tools/bin/../lib/gcc/arm-none-eabi/13.3.1/thumb/v6-m/nofp/crtbegin.o
                [!provide]                        PROVIDE (__fini_array_end = .)
                0x080051ec                        . = ALIGN (0x4)
                0x080051ec                        _sidata = LOADADDR (.data)

.rel.dyn        0x080051ec        0x0
 .rel.iplt      0x080051ec        0x0 C:/ST/STM32CubeIDE_1.19.0/STM32CubeIDE/plugins/com.st.stm32cube.ide.mcu.externaltools.gnu-tools-for-stm32.13.3.rel1.win32_1.0.0.202411081344/tools/bin/../lib/gcc/arm-none-eabi/13.3.1/thumb/v6-m/nofp/crtbegin.o

.data           0x20000000       0x18 load address 0x080051ec
                0x20000000                        . = ALIGN (0x4)
                0x20000000                        _sdata = .
 *(.data)
 *(.data*)
 .data.u8TxBuffer
                0x20000000        0xa ./Application/User/Core/main.o
                0x20000000                u8TxBuffer
 *fill*         0x2000000a        0x2 
 .data.SystemCoreClock
                0x2000000c        0x4 ./Drivers/CMSIS/system_stm32g0xx.o
                0x2000000c                SystemCoreClock
 .data.uwTickPrio
                0x20000010        0x4 ./Drivers/STM32G0xx_HAL_Driver/stm32g0xx_hal.o
                0x20000010                uwTickPrio
 .data.uwTickFreq
                0x20000014        0x1 ./Drivers/STM32G0xx_HAL_Driver/stm32g0xx_hal.o
                0x20000014                uwTickFreq
 *(.RamFunc)
 *(.RamFunc*)
                0x20000018                        . = ALIGN (0x4)
 *fill*         0x20000015        0x3 
                0x20000018                        _edata = .

.igot.plt       0x20000018        0x0 load address 0x08005204
 .igot.plt      0x20000018        0x0 C:/ST/STM32CubeIDE_1.19.0/STM32CubeIDE/plugins/com.st.stm32cube.ide.mcu.externaltools.gnu-tools-for-stm32.13.3.rel1.win32_1.0.0.202411081344/tools/bin/../lib/gcc/arm-none-eabi/13.3.1/thumb/v6-m/nofp/crtbegin.o
                0x20000018                        . = ALIGN (0x4)

.bss            0x20000018      0x1b0 load address 0x08005204
                0x20000018                        _sbss = .
                0x20000018                        __bss_start__ = _sbss
 *(.bss)
 .bss           0x20000018       0x1c C:/ST/STM32CubeIDE_1.19.0/STM32CubeIDE/plugins/com.st.stm32cube.ide.mcu.externaltools.gnu-tools-for-stm32.13.3.rel1.win32_1.0.0.202411081344/tools/bin/../lib/gcc/arm-none-eabi/13.3.1/thumb/v6-m/nofp/crtbegin.o
 *(.bss*)
 .bss.u8RxBuffer
                0x20000034        0xa ./Application/User/Core/main.o
                0x20000034                u8RxBuffer
 *fill*         0x2000003e        0x2 
 .bss.huart2    0x20000040       0xcc ./Application/User/Core/usart.o
                0x20000040                huart2
 .bss.hdma_usart2_rx
                0x2000010c       0x5c ./Application/User/Core/usart.o
                0x2000010c                hdma_usart2_rx
 .bss.hdma_usart2_tx
                0x20000168       0x5c ./Application/User/Core/usart.o
                0x20000168                hdma_usart2_tx
 .bss.uwTick    0x200001c4        0x4 ./Drivers/STM32G0xx_HAL_Driver/stm32g0xx_hal.o
                0x200001c4                uwTick
 *(COMMON)
                0x200001c8                        . = ALIGN (0x4)
                0x200001c8                        _ebss = .
                0x200001c8                        __bss_end__ = _ebss

._user_heap_stack
                0x200001c8      0x600 load address 0x08005204
                0x200001c8                        . = ALIGN (0x8)
                [!provide]                        PROVIDE (end = .)
                0x200001c8                        PROVIDE (_end = .)
                0x200003c8                        . = (. + _Min_Heap_Size)
 *fill*         0x200001c8      0x200 
                0x200007c8                        . = (. + _Min_Stack_Size)
 *fill*         0x200003c8      0x400 
                0x200007c8                        . = ALIGN (0x8)

/DISCARD/
 libc.a(*)
 libm.a(*)
 libgcc.a(*)

.ARM.attributes
                0x00000000       0x28
 *(.ARM.attributes)
 .ARM.attributes
                0x00000000       0x1e C:/ST/STM32CubeIDE_1.19.0/STM32CubeIDE/plugins/com.st.stm32cube.ide.mcu.externaltools.gnu-tools-for-stm32.13.3.rel1.win32_1.0.0.202411081344/tools/bin/../lib/gcc/arm-none-eabi/13.3.1/thumb/v6-m/nofp/crti.o
 .ARM.attributes
                0x0000001e       0x2c C:/ST/STM32CubeIDE_1.19.0/STM32CubeIDE/plugins/com.st.stm32cube.ide.mcu.externaltools.gnu-tools-for-stm32.13.3.rel1.win32_1.0.0.202411081344/tools/bin/../lib/gcc/arm-none-eabi/13.3.1/thumb/v6-m/nofp/crtbegin.o
 .ARM.attributes
                0x0000004a       0x2c ./Application/User/Core/dma.o
 .ARM.attributes
                0x00000076       0x2c ./Application/User/Core/gpio.o
 .ARM.attributes
                0x000000a2       0x2c ./Application/User/Core/main.o
 .ARM.attributes
                0x000000ce       0x2c ./Application/User/Core/stm32g0xx_hal_msp.o
 .ARM.attributes
                0x000000fa       0x2c ./Application/User/Core/stm32g0xx_it.o
 .ARM.attributes
                0x00000126       0x2c ./Application/User/Core/usart.o
 .ARM.attributes
                0x00000152       0x22 ./Application/User/Startup/startup_stm32g071rbtx.o
 .ARM.attributes
                0x00000174       0x2c ./Drivers/CMSIS/system_stm32g0xx.o
 .ARM.attributes
                0x000001a0       0x2c ./Drivers/STM32G0xx_HAL_Driver/stm32g0xx_hal.o
 .ARM.attributes
                0x000001cc       0x2c ./Drivers/STM32G0xx_HAL_Driver/stm32g0xx_hal_cortex.o
 .ARM.attributes
                0x000001f8       0x2c ./Drivers/STM32G0xx_HAL_Driver/stm32g0xx_hal_dma.o
 .ARM.attributes
                0x00000224       0x2c ./Drivers/STM32G0xx_HAL_Driver/stm32g0xx_hal_gpio.o
 .ARM.attributes
                0x00000250       0x2c ./Drivers/STM32G0xx_HAL_Driver/stm32g0xx_hal_pwr_ex.o
 .ARM.attributes
                0x0000027c       0x2c ./Drivers/STM32G0xx_HAL_Driver/stm32g0xx_hal_rcc.o
 .ARM.attributes
                0x000002a8       0x2c ./Drivers/STM32G0xx_HAL_Driver/stm32g0xx_hal_rcc_ex.o
 .ARM.attributes
                0x000002d4       0x2c ./Drivers/STM32G0xx_HAL_Driver/stm32g0xx_hal_uart.o
 .ARM.attributes
                0x00000300       0x2c ./Drivers/STM32G0xx_HAL_Driver/stm32g0xx_hal_uart_ex.o
 .ARM.attributes
                0x0000032c       0x2c C:/ST/STM32CubeIDE_1.19.0/STM32CubeIDE/plugins/com.st.stm32cube.ide.mcu.externaltools.gnu-tools-for-stm32.13.3.rel1.win32_1.0.0.202411081344/tools/bin/../lib/gcc/arm-none-eabi/13.3.1/../../../../arm-none-eabi/lib/thumb/v6-m/nofp\libc_nano.a(libc_a-memset.o)
 .ARM.attributes
                0x00000358       0x2c C:/ST/STM32CubeIDE_1.19.0/STM32CubeIDE/plugins/com.st.stm32cube.ide.mcu.externaltools.gnu-tools-for-stm32.13.3.rel1.win32_1.0.0.202411081344/tools/bin/../lib/gcc/arm-none-eabi/13.3.1/../../../../arm-none-eabi/lib/thumb/v6-m/nofp\libc_nano.a(libc_a-init.o)
 .ARM.attributes
                0x00000384       0x1e C:/ST/STM32CubeIDE_1.19.0/STM32CubeIDE/plugins/com.st.stm32cube.ide.mcu.externaltools.gnu-tools-for-stm32.13.3.rel1.win32_1.0.0.202411081344/tools/bin/../lib/gcc/arm-none-eabi/13.3.1/thumb/v6-m/nofp\libgcc.a(_udivsi3.o)
 .ARM.attributes
                0x000003a2       0x1e C:/ST/STM32CubeIDE_1.19.0/STM32CubeIDE/plugins/com.st.stm32cube.ide.mcu.externaltools.gnu-tools-for-stm32.13.3.rel1.win32_1.0.0.202411081344/tools/bin/../lib/gcc/arm-none-eabi/13.3.1/thumb/v6-m/nofp\libgcc.a(_divsi3.o)
 .ARM.attributes
                0x000003c0       0x1e C:/ST/STM32CubeIDE_1.19.0/STM32CubeIDE/plugins/com.st.stm32cube.ide.mcu.externaltools.gnu-tools-for-stm32.13.3.rel1.win32_1.0.0.202411081344/tools/bin/../lib/gcc/arm-none-eabi/13.3.1/thumb/v6-m/nofp\libgcc.a(_dvmd_tls.o)
 .ARM.attributes
                0x000003de       0x1e C:/ST/STM32CubeIDE_1.19.0/STM32CubeIDE/plugins/com.st.stm32cube.ide.mcu.externaltools.gnu-tools-for-stm32.13.3.rel1.win32_1.0.0.202411081344/tools/bin/../lib/gcc/arm-none-eabi/13.3.1/thumb/v6-m/nofp\libgcc.a(_aeabi_uldivmod.o)
 .ARM.attributes
                0x000003fc       0x2c C:/ST/STM32CubeIDE_1.19.0/STM32CubeIDE/plugins/com.st.stm32cube.ide.mcu.externaltools.gnu-tools-for-stm32.13.3.rel1.win32_1.0.0.202411081344/tools/bin/../lib/gcc/arm-none-eabi/13.3.1/thumb/v6-m/nofp\libgcc.a(_udivmoddi4.o)
 .ARM.attributes
                0x00000428       0x1e C:/ST/STM32CubeIDE_1.19.0/STM32CubeIDE/plugins/com.st.stm32cube.ide.mcu.externaltools.gnu-tools-for-stm32.13.3.rel1.win32_1.0.0.202411081344/tools/bin/../lib/gcc/arm-none-eabi/13.3.1/thumb/v6-m/nofp\libgcc.a(_clzdi2.o)
 .ARM.attributes
                0x00000446       0x1e C:/ST/STM32CubeIDE_1.19.0/STM32CubeIDE/plugins/com.st.stm32cube.ide.mcu.externaltools.gnu-tools-for-stm32.13.3.rel1.win32_1.0.0.202411081344/tools/bin/../lib/gcc/arm-none-eabi/13.3.1/thumb/v6-m/nofp\libgcc.a(_clzsi2.o)
 .ARM.attributes
                0x00000464       0x1e C:/ST/STM32CubeIDE_1.19.0/STM32CubeIDE/plugins/com.st.stm32cube.ide.mcu.externaltools.gnu-tools-for-stm32.13.3.rel1.win32_1.0.0.202411081344/tools/bin/../lib/gcc/arm-none-eabi/13.3.1/thumb/v6-m/nofp/crtn.o
OUTPUT(EP6.elf elf32-littlearm)
LOAD linker stubs
LOAD C:/ST/STM32CubeIDE_1.19.0/STM32CubeIDE/plugins/com.st.stm32cube.ide.mcu.externaltools.gnu-tools-for-stm32.13.3.rel1.win32_1.0.0.202411081344/tools/bin/../lib/gcc/arm-none-eabi/13.3.1/../../../../arm-none-eabi/lib/thumb/v6-m/nofp\libc.a
LOAD C:/ST/STM32CubeIDE_1.19.0/STM32CubeIDE/plugins/com.st.stm32cube.ide.mcu.externaltools.gnu-tools-for-stm32.13.3.rel1.win32_1.0.0.202411081344/tools/bin/../lib/gcc/arm-none-eabi/13.3.1/../../../../arm-none-eabi/lib/thumb/v6-m/nofp\libm.a
LOAD C:/ST/STM32CubeIDE_1.19.0/STM32CubeIDE/plugins/com.st.stm32cube.ide.mcu.externaltools.gnu-tools-for-stm32.13.3.rel1.win32_1.0.0.202411081344/tools/bin/../lib/gcc/arm-none-eabi/13.3.1/thumb/v6-m/nofp\libgcc.a

.debug_info     0x00000000     0xc69e
 .debug_info    0x00000000      0x365 ./Application/User/Core/dma.o
 .debug_info    0x00000365      0x248 ./Application/User/Core/gpio.o
 .debug_info    0x000005ad      0xc7b ./Application/User/Core/main.o
 .debug_info    0x00001228      0x265 ./Application/User/Core/stm32g0xx_hal_msp.o
 .debug_info    0x0000148d      0x90c ./Application/User/Core/stm32g0xx_it.o
 .debug_info    0x00001d99      0xe9d ./Application/User/Core/usart.o
 .debug_info    0x00002c36       0x30 ./Application/User/Startup/startup_stm32g071rbtx.o
 .debug_info    0x00002c66      0x316 ./Drivers/CMSIS/system_stm32g0xx.o
 .debug_info    0x00002f7c      0xa34 ./Drivers/STM32G0xx_HAL_Driver/stm32g0xx_hal.o
 .debug_info    0x000039b0      0x8d9 ./Drivers/STM32G0xx_HAL_Driver/stm32g0xx_hal_cortex.o
 .debug_info    0x00004289      0x860 ./Drivers/STM32G0xx_HAL_Driver/stm32g0xx_hal_dma.o
 .debug_info    0x00004ae9      0x5b9 ./Drivers/STM32G0xx_HAL_Driver/stm32g0xx_hal_gpio.o
 .debug_info    0x000050a2      0x7c1 ./Drivers/STM32G0xx_HAL_Driver/stm32g0xx_hal_pwr_ex.o
 .debug_info    0x00005863      0xb1b ./Drivers/STM32G0xx_HAL_Driver/stm32g0xx_hal_rcc.o
 .debug_info    0x0000637e      0x77f ./Drivers/STM32G0xx_HAL_Driver/stm32g0xx_hal_rcc_ex.o
 .debug_info    0x00006afd     0x4b0d ./Drivers/STM32G0xx_HAL_Driver/stm32g0xx_hal_uart.o
 .debug_info    0x0000b60a     0x1094 ./Drivers/STM32G0xx_HAL_Driver/stm32g0xx_hal_uart_ex.o

.debug_abbrev   0x00000000     0x20bd
 .debug_abbrev  0x00000000      0x115 ./Application/User/Core/dma.o
 .debug_abbrev  0x00000115       0xd2 ./Application/User/Core/gpio.o
 .debug_abbrev  0x000001e7      0x261 ./Application/User/Core/main.o
 .debug_abbrev  0x00000448       0xdd ./Application/User/Core/stm32g0xx_hal_msp.o
 .debug_abbrev  0x00000525      0x1a6 ./Application/User/Core/stm32g0xx_it.o
 .debug_abbrev  0x000006cb      0x241 ./Application/User/Core/usart.o
 .debug_abbrev  0x0000090c       0x24 ./Application/User/Startup/startup_stm32g071rbtx.o
 .debug_abbrev  0x00000930      0x119 ./Drivers/CMSIS/system_stm32g0xx.o
 .debug_abbrev  0x00000a49      0x2b2 ./Drivers/STM32G0xx_HAL_Driver/stm32g0xx_hal.o
 .debug_abbrev  0x00000cfb      0x2ab ./Drivers/STM32G0xx_HAL_Driver/stm32g0xx_hal_cortex.o
 .debug_abbrev  0x00000fa6      0x22b ./Drivers/STM32G0xx_HAL_Driver/stm32g0xx_hal_dma.o
 .debug_abbrev  0x000011d1      0x1c8 ./Drivers/STM32G0xx_HAL_Driver/stm32g0xx_hal_gpio.o
 .debug_abbrev  0x00001399      0x238 ./Drivers/STM32G0xx_HAL_Driver/stm32g0xx_hal_pwr_ex.o
 .debug_abbrev  0x000015d1      0x2aa ./Drivers/STM32G0xx_HAL_Driver/stm32g0xx_hal_rcc.o
 .debug_abbrev  0x0000187b      0x229 ./Drivers/STM32G0xx_HAL_Driver/stm32g0xx_hal_rcc_ex.o
 .debug_abbrev  0x00001aa4      0x335 ./Drivers/STM32G0xx_HAL_Driver/stm32g0xx_hal_uart.o
 .debug_abbrev  0x00001dd9      0x2e4 ./Drivers/STM32G0xx_HAL_Driver/stm32g0xx_hal_uart_ex.o

.debug_aranges  0x00000000      0x958
 .debug_aranges
                0x00000000       0x20 ./Application/User/Core/dma.o
 .debug_aranges
                0x00000020       0x20 ./Application/User/Core/gpio.o
 .debug_aranges
                0x00000040       0x40 ./Application/User/Core/main.o
 .debug_aranges
                0x00000080       0x20 ./Application/User/Core/stm32g0xx_hal_msp.o
 .debug_aranges
                0x000000a0       0x58 ./Application/User/Core/stm32g0xx_it.o
 .debug_aranges
                0x000000f8       0x30 ./Application/User/Core/usart.o
 .debug_aranges
                0x00000128       0x28 ./Application/User/Startup/startup_stm32g071rbtx.o
 .debug_aranges
                0x00000150       0x28 ./Drivers/CMSIS/system_stm32g0xx.o
 .debug_aranges
                0x00000178      0x120 ./Drivers/STM32G0xx_HAL_Driver/stm32g0xx_hal.o
 .debug_aranges
                0x00000298       0xe8 ./Drivers/STM32G0xx_HAL_Driver/stm32g0xx_hal_cortex.o
 .debug_aranges
                0x00000380       0x90 ./Drivers/STM32G0xx_HAL_Driver/stm32g0xx_hal_dma.o
 .debug_aranges
                0x00000410       0x60 ./Drivers/STM32G0xx_HAL_Driver/stm32g0xx_hal_gpio.o
 .debug_aranges
                0x00000470       0xf0 ./Drivers/STM32G0xx_HAL_Driver/stm32g0xx_hal_pwr_ex.o
 .debug_aranges
                0x00000560       0xa0 ./Drivers/STM32G0xx_HAL_Driver/stm32g0xx_hal_rcc.o
 .debug_aranges
                0x00000600       0x40 ./Drivers/STM32G0xx_HAL_Driver/stm32g0xx_hal_rcc_ex.o
 .debug_aranges
                0x00000640      0x270 ./Drivers/STM32G0xx_HAL_Driver/stm32g0xx_hal_uart.o
 .debug_aranges
                0x000008b0       0xa8 ./Drivers/STM32G0xx_HAL_Driver/stm32g0xx_hal_uart_ex.o

.debug_rnglists
                0x00000000      0x725
 .debug_rnglists
                0x00000000       0x13 ./Application/User/Core/dma.o
 .debug_rnglists
                0x00000013       0x13 ./Application/User/Core/gpio.o
 .debug_rnglists
                0x00000026       0x2c ./Application/User/Core/main.o
 .debug_rnglists
                0x00000052       0x13 ./Application/User/Core/stm32g0xx_hal_msp.o
 .debug_rnglists
                0x00000065       0x3d ./Application/User/Core/stm32g0xx_it.o
 .debug_rnglists
                0x000000a2       0x21 ./Application/User/Core/usart.o
 .debug_rnglists
                0x000000c3       0x19 ./Application/User/Startup/startup_stm32g071rbtx.o
 .debug_rnglists
                0x000000dc       0x1a ./Drivers/CMSIS/system_stm32g0xx.o
 .debug_rnglists
                0x000000f6       0xd4 ./Drivers/STM32G0xx_HAL_Driver/stm32g0xx_hal.o
 .debug_rnglists
                0x000001ca       0xaa ./Drivers/STM32G0xx_HAL_Driver/stm32g0xx_hal_cortex.o
 .debug_rnglists
                0x00000274       0x72 ./Drivers/STM32G0xx_HAL_Driver/stm32g0xx_hal_dma.o
 .debug_rnglists
                0x000002e6       0x45 ./Drivers/STM32G0xx_HAL_Driver/stm32g0xx_hal_gpio.o
 .debug_rnglists
                0x0000032b       0xb5 ./Drivers/STM32G0xx_HAL_Driver/stm32g0xx_hal_pwr_ex.o
 .debug_rnglists
                0x000003e0       0x79 ./Drivers/STM32G0xx_HAL_Driver/stm32g0xx_hal_rcc.o
 .debug_rnglists
                0x00000459       0x30 ./Drivers/STM32G0xx_HAL_Driver/stm32g0xx_hal_rcc_ex.o
 .debug_rnglists
                0x00000489      0x21c ./Drivers/STM32G0xx_HAL_Driver/stm32g0xx_hal_uart.o
 .debug_rnglists
                0x000006a5       0x80 ./Drivers/STM32G0xx_HAL_Driver/stm32g0xx_hal_uart_ex.o

.debug_macro    0x00000000    0x1750e
 .debug_macro   0x00000000      0x1df ./Application/User/Core/dma.o
 .debug_macro   0x000001df      0xaae ./Application/User/Core/dma.o
 .debug_macro   0x00000c8d      0x117 ./Application/User/Core/dma.o
 .debug_macro   0x00000da4       0x2e ./Application/User/Core/dma.o
 .debug_macro   0x00000dd2       0x28 ./Application/User/Core/dma.o
 .debug_macro   0x00000dfa       0x22 ./Application/User/Core/dma.o
 .debug_macro   0x00000e1c       0x8e ./Application/User/Core/dma.o
 .debug_macro   0x00000eaa       0x51 ./Application/User/Core/dma.o
 .debug_macro   0x00000efb      0x103 ./Application/User/Core/dma.o
 .debug_macro   0x00000ffe       0x6a ./Application/User/Core/dma.o
 .debug_macro   0x00001068      0x1df ./Application/User/Core/dma.o
 .debug_macro   0x00001247       0x1c ./Application/User/Core/dma.o
 .debug_macro   0x00001263       0x22 ./Application/User/Core/dma.o
 .debug_macro   0x00001285       0xd1 ./Application/User/Core/dma.o
 .debug_macro   0x00001356      0x4da ./Application/User/Core/dma.o
 .debug_macro   0x00001830      0x11f ./Application/User/Core/dma.o
 .debug_macro   0x0000194f     0xc753 ./Application/User/Core/dma.o
 .debug_macro   0x0000e0a2       0x66 ./Application/User/Core/dma.o
 .debug_macro   0x0000e108     0x350e ./Application/User/Core/dma.o
 .debug_macro   0x00011616      0x190 ./Application/User/Core/dma.o
 .debug_macro   0x000117a6       0x5c ./Application/User/Core/dma.o
 .debug_macro   0x00011802      0x56c ./Application/User/Core/dma.o
 .debug_macro   0x00011d6e     0x1122 ./Application/User/Core/dma.o
 .debug_macro   0x00012e90      0x264 ./Application/User/Core/dma.o
 .debug_macro   0x000130f4      0x1cf ./Application/User/Core/dma.o
 .debug_macro   0x000132c3      0x1d8 ./Application/User/Core/dma.o
 .debug_macro   0x0001349b      0x426 ./Application/User/Core/dma.o
 .debug_macro   0x000138c1      0x280 ./Application/User/Core/dma.o
 .debug_macro   0x00013b41      0x3a7 ./Application/User/Core/dma.o
 .debug_macro   0x00013ee8      0x1b2 ./Application/User/Core/dma.o
 .debug_macro   0x0001409a       0x43 ./Application/User/Core/dma.o
 .debug_macro   0x000140dd      0x1f1 ./Application/User/Core/dma.o
 .debug_macro   0x000142ce      0x1d6 ./Application/User/Core/dma.o
 .debug_macro   0x000144a4      0x38a ./Application/User/Core/dma.o
 .debug_macro   0x0001482e       0x28 ./Application/User/Core/dma.o
 .debug_macro   0x00014856       0xe4 ./Application/User/Core/dma.o
 .debug_macro   0x0001493a      0x125 ./Application/User/Core/dma.o
 .debug_macro   0x00014a5f      0x240 ./Application/User/Core/dma.o
 .debug_macro   0x00014c9f      0x69a ./Application/User/Core/dma.o
 .debug_macro   0x00015339       0xa6 ./Application/User/Core/dma.o
 .debug_macro   0x000153df      0x4f2 ./Application/User/Core/dma.o
 .debug_macro   0x000158d1      0x1df ./Application/User/Core/gpio.o
 .debug_macro   0x00015ab0      0x1f7 ./Application/User/Core/main.o
 .debug_macro   0x00015ca7      0x1d5 ./Application/User/Core/stm32g0xx_hal_msp.o
 .debug_macro   0x00015e7c      0x1df ./Application/User/Core/stm32g0xx_it.o
 .debug_macro   0x0001605b      0x1df ./Application/User/Core/usart.o
 .debug_macro   0x0001623a      0x1cb ./Drivers/CMSIS/system_stm32g0xx.o
 .debug_macro   0x00016405      0x1ef ./Drivers/STM32G0xx_HAL_Driver/stm32g0xx_hal.o
 .debug_macro   0x000165f4      0x1cb ./Drivers/STM32G0xx_HAL_Driver/stm32g0xx_hal_cortex.o
 .debug_macro   0x000167bf      0x1cb ./Drivers/STM32G0xx_HAL_Driver/stm32g0xx_hal_dma.o
 .debug_macro   0x0001698a      0x1d2 ./Drivers/STM32G0xx_HAL_Driver/stm32g0xx_hal_gpio.o
 .debug_macro   0x00016b5c      0x1f5 ./Drivers/STM32G0xx_HAL_Driver/stm32g0xx_hal_pwr_ex.o
 .debug_macro   0x00016d51      0x20d ./Drivers/STM32G0xx_HAL_Driver/stm32g0xx_hal_rcc.o
 .debug_macro   0x00016f5e      0x1e3 ./Drivers/STM32G0xx_HAL_Driver/stm32g0xx_hal_rcc_ex.o
 .debug_macro   0x00017141      0x1f6 ./Drivers/STM32G0xx_HAL_Driver/stm32g0xx_hal_uart.o
 .debug_macro   0x00017337      0x1d7 ./Drivers/STM32G0xx_HAL_Driver/stm32g0xx_hal_uart_ex.o

.debug_line     0x00000000     0xd81e
 .debug_line    0x00000000      0x785 ./Application/User/Core/dma.o
 .debug_line    0x00000785      0x783 ./Application/User/Core/gpio.o
 .debug_line    0x00000f08      0x857 ./Application/User/Core/main.o
 .debug_line    0x0000175f      0x787 ./Application/User/Core/stm32g0xx_hal_msp.o
 .debug_line    0x00001ee6      0x82c ./Application/User/Core/stm32g0xx_it.o
 .debug_line    0x00002712      0x891 ./Application/User/Core/usart.o
 .debug_line    0x00002fa3       0x7b ./Application/User/Startup/startup_stm32g071rbtx.o
 .debug_line    0x0000301e      0x7fa ./Drivers/CMSIS/system_stm32g0xx.o
 .debug_line    0x00003818      0xb40 ./Drivers/STM32G0xx_HAL_Driver/stm32g0xx_hal.o
 .debug_line    0x00004358      0xbd5 ./Drivers/STM32G0xx_HAL_Driver/stm32g0xx_hal_cortex.o
 .debug_line    0x00004f2d      0xdbc ./Drivers/STM32G0xx_HAL_Driver/stm32g0xx_hal_dma.o
 .debug_line    0x00005ce9      0xb91 ./Drivers/STM32G0xx_HAL_Driver/stm32g0xx_hal_gpio.o
 .debug_line    0x0000687a      0xb19 ./Drivers/STM32G0xx_HAL_Driver/stm32g0xx_hal_pwr_ex.o
 .debug_line    0x00007393     0x1011 ./Drivers/STM32G0xx_HAL_Driver/stm32g0xx_hal_rcc.o
 .debug_line    0x000083a4      0xd9a ./Drivers/STM32G0xx_HAL_Driver/stm32g0xx_hal_rcc_ex.o
 .debug_line    0x0000913e     0x397a ./Drivers/STM32G0xx_HAL_Driver/stm32g0xx_hal_uart.o
 .debug_line    0x0000cab8      0xd66 ./Drivers/STM32G0xx_HAL_Driver/stm32g0xx_hal_uart_ex.o

.debug_str      0x00000000    0x93382
 .debug_str     0x00000000    0x93382 ./Application/User/Core/dma.o
                              0x9064a (size before relaxing)
 .debug_str     0x00093382    0x9042b ./Application/User/Core/gpio.o
 .debug_str     0x00093382    0x90e06 ./Application/User/Core/main.o
 .debug_str     0x00093382    0x9042b ./Application/User/Core/stm32g0xx_hal_msp.o
 .debug_str     0x00093382    0x90a87 ./Application/User/Core/stm32g0xx_it.o
 .debug_str     0x00093382    0x90f86 ./Application/User/Core/usart.o
 .debug_str     0x00093382       0x86 ./Application/User/Startup/startup_stm32g071rbtx.o
 .debug_str     0x00093382    0x9047c ./Drivers/CMSIS/system_stm32g0xx.o
 .debug_str     0x00093382    0x90c79 ./Drivers/STM32G0xx_HAL_Driver/stm32g0xx_hal.o
 .debug_str     0x00093382    0x90943 ./Drivers/STM32G0xx_HAL_Driver/stm32g0xx_hal_cortex.o
 .debug_str     0x00093382    0x90916 ./Drivers/STM32G0xx_HAL_Driver/stm32g0xx_hal_dma.o
 .debug_str     0x00093382    0x905c5 ./Drivers/STM32G0xx_HAL_Driver/stm32g0xx_hal_gpio.o
 .debug_str     0x00093382    0x90909 ./Drivers/STM32G0xx_HAL_Driver/stm32g0xx_hal_pwr_ex.o
 .debug_str     0x00093382    0x90bd2 ./Drivers/STM32G0xx_HAL_Driver/stm32g0xx_hal_rcc.o
 .debug_str     0x00093382    0x90846 ./Drivers/STM32G0xx_HAL_Driver/stm32g0xx_hal_rcc_ex.o
 .debug_str     0x00093382    0x917b9 ./Drivers/STM32G0xx_HAL_Driver/stm32g0xx_hal_uart.o
 .debug_str     0x00093382    0x90e21 ./Drivers/STM32G0xx_HAL_Driver/stm32g0xx_hal_uart_ex.o

.comment        0x00000000       0x43
 .comment       0x00000000       0x43 ./Application/User/Core/dma.o
                                 0x44 (size before relaxing)
 .comment       0x00000043       0x44 ./Application/User/Core/gpio.o
 .comment       0x00000043       0x44 ./Application/User/Core/main.o
 .comment       0x00000043       0x44 ./Application/User/Core/stm32g0xx_hal_msp.o
 .comment       0x00000043       0x44 ./Application/User/Core/stm32g0xx_it.o
 .comment       0x00000043       0x44 ./Application/User/Core/usart.o
 .comment       0x00000043       0x44 ./Drivers/CMSIS/system_stm32g0xx.o
 .comment       0x00000043       0x44 ./Drivers/STM32G0xx_HAL_Driver/stm32g0xx_hal.o
 .comment       0x00000043       0x44 ./Drivers/STM32G0xx_HAL_Driver/stm32g0xx_hal_cortex.o
 .comment       0x00000043       0x44 ./Drivers/STM32G0xx_HAL_Driver/stm32g0xx_hal_dma.o
 .comment       0x00000043       0x44 ./Drivers/STM32G0xx_HAL_Driver/stm32g0xx_hal_gpio.o
 .comment       0x00000043       0x44 ./Drivers/STM32G0xx_HAL_Driver/stm32g0xx_hal_pwr_ex.o
 .comment       0x00000043       0x44 ./Drivers/STM32G0xx_HAL_Driver/stm32g0xx_hal_rcc.o
 .comment       0x00000043       0x44 ./Drivers/STM32G0xx_HAL_Driver/stm32g0xx_hal_rcc_ex.o
 .comment       0x00000043       0x44 ./Drivers/STM32G0xx_HAL_Driver/stm32g0xx_hal_uart.o
 .comment       0x00000043       0x44 ./Drivers/STM32G0xx_HAL_Driver/stm32g0xx_hal_uart_ex.o

.debug_frame    0x00000000     0x1fa0
 .debug_frame   0x00000000       0x30 ./Application/User/Core/dma.o
 .debug_frame   0x00000030       0x30 ./Application/User/Core/gpio.o
 .debug_frame   0x00000060       0xa8 ./Application/User/Core/main.o
 .debug_frame   0x00000108       0x30 ./Application/User/Core/stm32g0xx_hal_msp.o
 .debug_frame   0x00000138       0xf0 ./Application/User/Core/stm32g0xx_it.o
 .debug_frame   0x00000228       0x6c ./Application/User/Core/usart.o
 .debug_frame   0x00000294       0x4c ./Drivers/CMSIS/system_stm32g0xx.o
 .debug_frame   0x000002e0      0x3dc ./Drivers/STM32G0xx_HAL_Driver/stm32g0xx_hal.o
 .debug_frame   0x000006bc      0x33c ./Drivers/STM32G0xx_HAL_Driver/stm32g0xx_hal_cortex.o
 .debug_frame   0x000009f8      0x1f0 ./Drivers/STM32G0xx_HAL_Driver/stm32g0xx_hal_dma.o
 .debug_frame   0x00000be8      0x130 ./Drivers/STM32G0xx_HAL_Driver/stm32g0xx_hal_gpio.o
 .debug_frame   0x00000d18      0x32c ./Drivers/STM32G0xx_HAL_Driver/stm32g0xx_hal_pwr_ex.o
 .debug_frame   0x00001044      0x214 ./Drivers/STM32G0xx_HAL_Driver/stm32g0xx_hal_rcc.o
 .debug_frame   0x00001258       0xb0 ./Drivers/STM32G0xx_HAL_Driver/stm32g0xx_hal_rcc_ex.o
 .debug_frame   0x00001308      0x978 ./Drivers/STM32G0xx_HAL_Driver/stm32g0xx_hal_uart.o
 .debug_frame   0x00001c80      0x258 ./Drivers/STM32G0xx_HAL_Driver/stm32g0xx_hal_uart_ex.o
 .debug_frame   0x00001ed8       0x20 C:/ST/STM32CubeIDE_1.19.0/STM32CubeIDE/plugins/com.st.stm32cube.ide.mcu.externaltools.gnu-tools-for-stm32.13.3.rel1.win32_1.0.0.202411081344/tools/bin/../lib/gcc/arm-none-eabi/13.3.1/../../../../arm-none-eabi/lib/thumb/v6-m/nofp\libc_nano.a(libc_a-memset.o)
 .debug_frame   0x00001ef8       0x2c C:/ST/STM32CubeIDE_1.19.0/STM32CubeIDE/plugins/com.st.stm32cube.ide.mcu.externaltools.gnu-tools-for-stm32.13.3.rel1.win32_1.0.0.202411081344/tools/bin/../lib/gcc/arm-none-eabi/13.3.1/../../../../arm-none-eabi/lib/thumb/v6-m/nofp\libc_nano.a(libc_a-init.o)
 .debug_frame   0x00001f24       0x20 C:/ST/STM32CubeIDE_1.19.0/STM32CubeIDE/plugins/com.st.stm32cube.ide.mcu.externaltools.gnu-tools-for-stm32.13.3.rel1.win32_1.0.0.202411081344/tools/bin/../lib/gcc/arm-none-eabi/13.3.1/thumb/v6-m/nofp\libgcc.a(_udivsi3.o)
 .debug_frame   0x00001f44       0x20 C:/ST/STM32CubeIDE_1.19.0/STM32CubeIDE/plugins/com.st.stm32cube.ide.mcu.externaltools.gnu-tools-for-stm32.13.3.rel1.win32_1.0.0.202411081344/tools/bin/../lib/gcc/arm-none-eabi/13.3.1/thumb/v6-m/nofp\libgcc.a(_divsi3.o)
 .debug_frame   0x00001f64       0x3c C:/ST/STM32CubeIDE_1.19.0/STM32CubeIDE/plugins/com.st.stm32cube.ide.mcu.externaltools.gnu-tools-for-stm32.13.3.rel1.win32_1.0.0.202411081344/tools/bin/../lib/gcc/arm-none-eabi/13.3.1/thumb/v6-m/nofp\libgcc.a(_udivmoddi4.o)

.debug_line_str
                0x00000000       0x6a
 .debug_line_str
                0x00000000       0x6a ./Application/User/Startup/startup_stm32g071rbtx.o
